---
source: src/ui/tree.rs
expression: frame
---
"╭ filter ──────────────────────────────────────────────────╮"
"│  PID    CPU%  Command                                    │"
"│   1234  12.3  ▾ /usr/bin/myapp --serve --port 8080       │"
"│   1235   1.2  ├─ ▾ /usr/bin/myapp worker --queue tasks   │"
"│    200   0.0  │  └─ helper                               │"
"│   1236   0.0  └─ /usr/bin/myapp logger                   │"
"│                                                          │"
"│                                                          │"
"│                                                          │"
"│                                                          │"
"│                                                          │"
"│                                                          │"
"│                                                          │"
"╰ Esc/quit ─ ←↑↓→ nav ─ ␣ collapse ─ ↵ detail ─ threads ───╯"
