---
source: src/ui/header.rs
expression: frame
---
"╭ myapp ─────────────────────────────────────────────────────────────────────────────── - 1000ms + ╮"
"│ 12.3% ⠀⠀⠀⠀⠀⠀⠀⠀⠀⠀⠀⠀⠀⠀⠀⠀⠀⠀⠀⠀⠀⠀⠀⠀⠀⠀⠀╭ Process ──────┬ Time ─────────┬ I/O ─────────┬ Tree ─────────╮│"
"│       ⠀⠀⠀⠀⠀⠀⠀⠀⠀⠀⠀⠀⠀⠀⠀⠀⠀⠀⠀⠀⠀⠀⠀⠀⠀⠀⠀│Status: Running│Elapsed: 01:02:│ Read: 4.0 MiB│ Threads: 1    ││"
"│C      ⠀⠀⠀⠀⠀⠀⠀⠀⠀⠀⠀⠀⠀⠀⠀⠀⠀⠀⠀⠀⠀⠀⠀⠀⠀⠀⠀│Parent: bash   │    CPU: 00:01:│Write: 2.0 MiB│Children: 2    ││"
"│P      ⠀⠀⠀⠀⠀⠀⠀⠀⠀⠀⠀⠀⠀⠀⠀⠀⠀⠀⠀⠀⠀⠀⠀⠀⠀⠀⠀│  User: alice  │Subproc: 00:00:│              │               ││"
"│U      ⠀⠀⠀⠀⠀⠀⠀⠀⠀⠀⠀⠀⠀⠀⠀⠀⠀⠀⠀⠀⠀⠀⠀⠀⠀⠀⠀│               │               │              │               ││"
"│       ⠀⠀⠀⠀⠀⠀⠀⠀⠀⠀⠀⠀⠀⠀⠀⠀⠀⠀⠀⠀⠀⠀⠀⠀⠀⠀⠀╰───────────────┴───────────────┴──────────────┴───────────────╯│"
"│       ⣀⣀⣀⣀⣀⣀⣀⣀⣀⣀⣀⣀⣀⣀⣀⣀⣀⣀⣀⣀⣀⣀⣀⣀⣀⣀⣀  Memory    1.5%  ⣀⣀⣀⣀⣀⣀⣀⣀⣀⣀⣀⣀⣀⣀⣀⣀⣀⣀⣀⣀⣀⣀⣀⣀⣀⣀⣀⣀⣀⣀⣀⣀⣀⣀⣀⣸  50.0 MiB│"
"╰──────────────────────────────────────────────────────────────────────────────────────────────────╯"
